[optechanimation1.netlify.app/index.html]
[backblue.gif]
[fade.gif]
[index.html]
[optechanimation1.netlify.app/assets/images/favicon.ico]
[optechanimation1.netlify.app/assets/css/bootstrap.min.css]
[optechanimation1.netlify.app/assets/css/magnific-popup.css]
[optechanimation1.netlify.app/assets/css/slick.css]
[optechanimation1.netlify.app/assets/css/fontawesome.css]
[optechanimation1.netlify.app/assets/css/remixicon.css]
[optechanimation1.netlify.app/assets/css/aos.css]
[optechanimation1.netlify.app/assets/css/main.css]
[optechanimation1.netlify.app/assets/css/app.min.css]
[optechanimation1.netlify.app/assets/images/logo/logo-dark.svg]
[optechanimation1.netlify.app/index-02.html]
[optechanimation1.netlify.app/index-03.html]
[optechanimation1.netlify.app/index-04.html]
[optechanimation1.netlify.app/index-05.html]
[optechanimation1.netlify.app/index-06.html]
[optechanimation1.netlify.app/index-07.html]
[optechanimation1.netlify.app/index-08.html]
[optechanimation1.netlify.app/about-us.html]
[optechanimation1.netlify.app/pricing.html]
[optechanimation1.netlify.app/blog.html]
[optechanimation1.netlify.app/blog-grid.html]
[optechanimation1.netlify.app/single-blog.html]
[optechanimation1.netlify.app/service.html]
[optechanimation1.netlify.app/single-service.html]
[optechanimation1.netlify.app/team.html]
[optechanimation1.netlify.app/single-team.html]
[optechanimation1.netlify.app/faq.html]
[optechanimation1.netlify.app/errors-404.html]
[optechanimation1.netlify.app/testimonial.html]
[optechanimation1.netlify.app/shop.html]
[optechanimation1.netlify.app/single-shop.html]
[optechanimation1.netlify.app/my-cart.html]
[optechanimation1.netlify.app/checkout.html]
[optechanimation1.netlify.app/portfolio-01.html]
[optechanimation1.netlify.app/portfolio-02.html]
[optechanimation1.netlify.app/single-portfolio.html]
[optechanimation1.netlify.app/contact-us.html]
[optechanimation1.netlify.app/assets/images/hero/bg1.png]
[optechanimation1.netlify.app/assets/images/hero/hero-thumb1.png]
[optechanimation1.netlify.app/assets/images/iconbox/icon1.svg]
[optechanimation1.netlify.app/assets/images/iconbox/icon2.svg]
[optechanimation1.netlify.app/assets/images/iconbox/icon3.svg]
[optechanimation1.netlify.app/assets/images/v1/thumb1.png]
[optechanimation1.netlify.app/assets/images/v1/thumb2.png]
[optechanimation1.netlify.app/assets/images/shape/shape1.svg]
[optechanimation1.netlify.app/assets/images/shape/shape2.svg]
[optechanimation1.netlify.app/assets/images/iconbox/icon4.svg]
[optechanimation1.netlify.app/assets/images/iconbox/icon5.svg]
[optechanimation1.netlify.app/assets/images/iconbox/icon6.svg]
[optechanimation1.netlify.app/assets/images/iconbox/icon7.svg]
[optechanimation1.netlify.app/assets/images/v1/thumb3.png]
[optechanimation1.netlify.app/assets/images/v1/thumb4.png]
[optechanimation1.netlify.app/assets/images/shape/shape3.svg]
[optechanimation1.netlify.app/assets/images/shape/shape4.svg]
[optechanimation1.netlify.app/assets/images/p1/p1.png]
[optechanimation1.netlify.app/assets/images/p1/p2.png]
[optechanimation1.netlify.app/assets/images/p1/p3.png]
[optechanimation1.netlify.app/assets/images/p1/p4.png]
[optechanimation1.netlify.app/assets/images/p1/p5.png]
[optechanimation1.netlify.app/assets/images/team/team1.png]
[optechanimation1.netlify.app/assets/images/team/team2.png]
[optechanimation1.netlify.app/assets/images/team/team3.png]
[optechanimation1.netlify.app/assets/images/team/team4.png]
[optechanimation1.netlify.app/assets/images/blog/blog6.png]
[optechanimation1.netlify.app/assets/images/blog/blog7.png]
[optechanimation1.netlify.app/assets/images/blog/blog8.png]
[optechanimation1.netlify.app/assets/images/cta/cta-bg2.png]
[optechanimation1.netlify.app/assets/js/jquery-3.7.1.min.js]
[optechanimation1.netlify.app/assets/js/bootstrap.bundle.min.js]
[optechanimation1.netlify.app/assets/js/menu/menu.js]
[optechanimation1.netlify.app/assets/js/jquery.magnific-popup.min.js]
[optechanimation1.netlify.app/assets/js/slick.js]
[optechanimation1.netlify.app/assets/js/countdown.js]
[optechanimation1.netlify.app/assets/js/skillbar.js]
[optechanimation1.netlify.app/assets/js/slick-animation.js]
[optechanimation1.netlify.app/assets/js/slick-animation.min.js]
[optechanimation1.netlify.app/assets/js/faq.js]
[optechanimation1.netlify.app/assets/js/isotope.pkgd.min.js]
[optechanimation1.netlify.app/assets/js/tabs-slider.js]
[optechanimation1.netlify.app/assets/js/product-increment.js]
[optechanimation1.netlify.app/assets/js/top-to-bottom.js]
[optechanimation1.netlify.app/assets/js/aos.js]
[optechanimation1.netlify.app/index.html]
[optechanimation1.netlify.app/assets/css/bootstrap.min.css]
[optechanimation1.netlify.app/assets/css/magnific-popup.css]
[optechanimation1.netlify.app/assets/css/slick.css]
[optechanimation1.netlify.app/assets/js/app.js]
[optechanimation1.netlify.app/assets/fonts/fa-brands-400.eot]
[optechanimation1.netlify.app/assets/fonts/fa-brands-400d41d.eot]
[optechanimation1.netlify.app/assets/fonts/fa-brands-400.woff2]
[optechanimation1.netlify.app/assets/fonts/fa-brands-400.woff]
[optechanimation1.netlify.app/assets/fonts/fa-brands-400.ttf]
[optechanimation1.netlify.app/assets/fonts/fa-brands-400.svg]
[optechanimation1.netlify.app/assets/fonts/fa-regular-400.eot]
[optechanimation1.netlify.app/assets/fonts/fa-regular-400d41d.eot]
[optechanimation1.netlify.app/assets/fonts/fa-regular-400.woff2]
[optechanimation1.netlify.app/assets/fonts/fa-regular-400.woff]
[optechanimation1.netlify.app/assets/fonts/fa-regular-400.ttf]
[optechanimation1.netlify.app/assets/fonts/fa-regular-400.svg]
[optechanimation1.netlify.app/assets/fonts/fa-solid-900.eot]
[optechanimation1.netlify.app/assets/fonts/fa-solid-900.woff2]
[optechanimation1.netlify.app/assets/fonts/fa-solid-900d41d.eot]
[optechanimation1.netlify.app/assets/fonts/fa-solid-900.woff]
[optechanimation1.netlify.app/assets/fonts/fa-solid-900.ttf]
[optechanimation1.netlify.app/assets/css/fontawesome.css]
[optechanimation1.netlify.app/assets/fonts/fa-solid-900.svg]
[optechanimation1.netlify.app/assets/fonts/remixiconb704.eot]
[optechanimation1.netlify.app/assets/fonts/remixiconb704.woff2]
[optechanimation1.netlify.app/assets/fonts/remixiconb704.woff]
[optechanimation1.netlify.app/assets/fonts/remixiconb704.ttf]
[optechanimation1.netlify.app/assets/css/remixicon.css]
[optechanimation1.netlify.app/assets/css/aos.css]
[optechanimation1.netlify.app/assets/css/main.css]
[optechanimation1.netlify.app/assets/fonts/remixiconb704.svg]
[optechanimation1.netlify.app/assets/images/hero/overlay.png]
[optechanimation1.netlify.app/assets/css/app.min.css]
[optechanimation1.netlify.app/assets/images/logo/logo-dark.svg]
[optechanimation1.netlify.app/assets/images/logo/logo-white.svg]
[optechanimation1.netlify.app/assets/images/hero/hero-bg1.png]
[optechanimation1.netlify.app/assets/images/v2/thumb1.png]
[optechanimation1.netlify.app/assets/images/v2/thumb2.png]
[optechanimation1.netlify.app/assets/images/v2/counter-bg.png]
[optechanimation1.netlify.app/assets/images/v2/icon1.svg]
[optechanimation1.netlify.app/assets/images/v2/icon2.svg]
[optechanimation1.netlify.app/assets/images/v2/icon3.svg]
[optechanimation1.netlify.app/assets/images/iconbox/icon9.svg]
[optechanimation1.netlify.app/assets/images/p2/p1.png]
[optechanimation1.netlify.app/assets/images/p2/p2.png]
[optechanimation1.netlify.app/assets/images/p2/p3.png]
[optechanimation1.netlify.app/assets/images/p2/p4.png]
[optechanimation1.netlify.app/assets/images/v2/illustration1.svg]
[optechanimation1.netlify.app/assets/images/v2/illustration2.svg]
[optechanimation1.netlify.app/assets/images/v2/illustration3.svg]
[optechanimation1.netlify.app/assets/images/v2/line.png]
[optechanimation1.netlify.app/assets/images/blog/blog15.png]
[optechanimation1.netlify.app/assets/images/blog/blog16.png]
[optechanimation1.netlify.app/assets/images/blog/blog17.png]
[optechanimation1.netlify.app/index-02.html]
[optechanimation1.netlify.app/assets/images/hero/bg2.png]
[optechanimation1.netlify.app/assets/images/hero/hero-thumb2.png]
[optechanimation1.netlify.app/assets/images/brand/brand1.svg]
[optechanimation1.netlify.app/assets/images/brand/brand2.svg]
[optechanimation1.netlify.app/assets/images/brand/brand3.svg]
[optechanimation1.netlify.app/assets/images/brand/brand4.svg]
[optechanimation1.netlify.app/assets/images/brand/brand5.svg]
[optechanimation1.netlify.app/assets/images/v3/service1.png]
[optechanimation1.netlify.app/assets/images/v3/icon1.svg]
[optechanimation1.netlify.app/assets/images/v3/service2.png]
[optechanimation1.netlify.app/assets/images/v3/icon2.svg]
[optechanimation1.netlify.app/assets/images/v3/service3.png]
[optechanimation1.netlify.app/assets/images/v3/icon3.svg]
[optechanimation1.netlify.app/assets/images/v3/service4.png]
[optechanimation1.netlify.app/assets/images/v3/thumb1.png]
[optechanimation1.netlify.app/assets/images/v3/thumb2.png]
[optechanimation1.netlify.app/assets/images/v3/thumb3.png]
[optechanimation1.netlify.app/assets/images/v3/thumb4.png]
[optechanimation1.netlify.app/assets/images/iconbox/icon10.svg]
[optechanimation1.netlify.app/assets/images/blog/blog18.png]
[optechanimation1.netlify.app/assets/images/blog/blog9.png]
[optechanimation1.netlify.app/assets/images/cta/cta.png]
[optechanimation1.netlify.app/index-03.html]
[optechanimation1.netlify.app/assets/images/hero/bg3.png]
[optechanimation1.netlify.app/assets/images/hero/hero-thumb3.png]
[optechanimation1.netlify.app/assets/images/v8/thumb1.png]
[optechanimation1.netlify.app/assets/images/v8/thumb2.png]
[optechanimation1.netlify.app/assets/images/iconbox/icon11.svg]
[optechanimation1.netlify.app/assets/images/iconbox/icon12.svg]
[optechanimation1.netlify.app/assets/images/p1/p6.png]
[optechanimation1.netlify.app/assets/images/p1/p7.png]
[optechanimation1.netlify.app/index-04.html]
[optechanimation1.netlify.app/assets/images/hero/hero-bg2.png]
[optechanimation1.netlify.app/assets/images/v5/icon1.svg]
[optechanimation1.netlify.app/assets/images/v5/icon3.svg]
[optechanimation1.netlify.app/assets/images/v5/icon4.svg]
[optechanimation1.netlify.app/index-05.html]
[optechanimation1.netlify.app/assets/images/hero/hero-bg3.png]
[optechanimation1.netlify.app/assets/images/team/team5.png]
[optechanimation1.netlify.app/assets/images/team/team6.png]
[optechanimation1.netlify.app/index-06.html]
[optechanimation1.netlify.app/assets/images/hero/hero-bg4.png]
[optechanimation1.netlify.app/assets/images/brand/brand01.svg]
[optechanimation1.netlify.app/assets/images/brand/brand02.svg]
[optechanimation1.netlify.app/assets/images/brand/brand03.svg]
[optechanimation1.netlify.app/assets/images/brand/brand04.svg]
[optechanimation1.netlify.app/index-07.html]
[optechanimation1.netlify.app/assets/images/brand/brand05.svg]
[optechanimation1.netlify.app/assets/images/hero/bg4.png]
[optechanimation1.netlify.app/index-08.html]
[optechanimation1.netlify.app/assets/images/breadcrumb/breadcrumb.png]
[optechanimation1.netlify.app/assets/images/cta/cta-bg3.png]
[optechanimation1.netlify.app/about-us.html]
[optechanimation1.netlify.app/pricing.html]
[optechanimation1.netlify.app/assets/images/blog/blog1.png]
[optechanimation1.netlify.app/assets/images/blog/blog2.png]
[optechanimation1.netlify.app/assets/images/blog/blog3.png]
[optechanimation1.netlify.app/assets/images/blog/blog4.png]
[optechanimation1.netlify.app/assets/images/blog/blog5.png]
[optechanimation1.netlify.app/assets/images/blog/recent-post1.png]
[optechanimation1.netlify.app/assets/images/blog/recent-post2.png]
[optechanimation1.netlify.app/assets/images/blog/recent-post3.png]
[optechanimation1.netlify.app/blog.html]
[optechanimation1.netlify.app/assets/images/blog/blog10.png]
[optechanimation1.netlify.app/assets/images/blog/blog11.png]
[optechanimation1.netlify.app/assets/images/blog/blog12.png]
[optechanimation1.netlify.app/assets/images/blog/blog13.png]
[optechanimation1.netlify.app/assets/images/blog/blog14.png]
[optechanimation1.netlify.app/blog-grid.html]
[optechanimation1.netlify.app/assets/images/blog/blog-single.png]
[optechanimation1.netlify.app/assets/images/blog/b-d-thumb1.png]
[optechanimation1.netlify.app/assets/images/blog/b-d-thumb2.png]
[optechanimation1.netlify.app/single-blog.html]
[optechanimation1.netlify.app/service.html]
[optechanimation1.netlify.app/assets/images/service/service-deatils.png]
[optechanimation1.netlify.app/assets/images/service/bg.png]
[optechanimation1.netlify.app/assets/images/service/icon.svg]
[optechanimation1.netlify.app/single-service.html]
[optechanimation1.netlify.app/assets/images/team/team7.png]
[optechanimation1.netlify.app/assets/images/team/team8.png]
[optechanimation1.netlify.app/team.html]
[optechanimation1.netlify.app/assets/images/team/team-details.png]
[optechanimation1.netlify.app/single-team.html]
[optechanimation1.netlify.app/faq.html]
[optechanimation1.netlify.app/errors-404.html]
[optechanimation1.netlify.app/testimonial.html]
[optechanimation1.netlify.app/assets/images/breadcrumb/errors404.svg]
[optechanimation1.netlify.app/assets/images/shop/shop01.png]
[optechanimation1.netlify.app/assets/images/shop/shop2.png]
[optechanimation1.netlify.app/assets/images/shop/shop3.png]
[optechanimation1.netlify.app/assets/images/shop/shop4.png]
[optechanimation1.netlify.app/assets/images/shop/shop5.png]
[optechanimation1.netlify.app/assets/images/shop/shop6.png]
[optechanimation1.netlify.app/assets/images/shop/shop7.png]
[optechanimation1.netlify.app/assets/images/shop/shop8.png]
[optechanimation1.netlify.app/assets/images/shop/shop9.png]
[optechanimation1.netlify.app/assets/images/shop/shop10.png]
[optechanimation1.netlify.app/assets/images/shop/shop11.png]
[optechanimation1.netlify.app/assets/images/shop/shop12.png]
[optechanimation1.netlify.app/shop.html]
[optechanimation1.netlify.app/single-shop.html]
[optechanimation1.netlify.app/assets/images/shop/shop.svg]
[optechanimation1.netlify.app/my-cart.html]
[optechanimation1.netlify.app/checkout.html]
[optechanimation1.netlify.app/assets/images/p2/p5.png]
[optechanimation1.netlify.app/assets/images/p2/p6.png]
[optechanimation1.netlify.app/assets/images/p2/p7.png]
[optechanimation1.netlify.app/assets/images/p2/p8.png]
[optechanimation1.netlify.app/assets/images/p2/p9.png]
[optechanimation1.netlify.app/portfolio-01.html]
[optechanimation1.netlify.app/assets/images/p1/p8.png]
[optechanimation1.netlify.app/assets/images/p1/p9.png]
[optechanimation1.netlify.app/assets/images/p1/p10.png]
[optechanimation1.netlify.app/portfolio-02.html]
[optechanimation1.netlify.app/assets/images/p1/p_details.png]
[optechanimation1.netlify.app/single-portfolio.html]
[optechanimation1.netlify.app/contact-us.html]
[optechanimation1.netlify.app/assets/images/iconbox/icon1.svg]
[optechanimation1.netlify.app/assets/images/iconbox/icon2.svg]
[optechanimation1.netlify.app/assets/images/iconbox/icon3.svg]
[optechanimation1.netlify.app/assets/images/shape/shape1.svg]
[optechanimation1.netlify.app/assets/images/shape/shape2.svg]
[optechanimation1.netlify.app/assets/images/iconbox/icon4.svg]
[optechanimation1.netlify.app/assets/images/iconbox/icon5.svg]
[optechanimation1.netlify.app/assets/images/iconbox/icon6.svg]
[optechanimation1.netlify.app/assets/images/iconbox/icon7.svg]
[optechanimation1.netlify.app/assets/images/iconbox/icon8.svg]
[optechanimation1.netlify.app/assets/images/shape/shape3.svg]
[optechanimation1.netlify.app/assets/images/shape/shape4.svg]
[optechanimation1.netlify.app/assets/images/v1/quote.svg]
[optechanimation1.netlify.app/assets/images/v1/rating.svg]
[optechanimation1.netlify.app/assets/fonts/fa-brands-400.svg]
[optechanimation1.netlify.app/assets/fonts/fa-regular-400.svg]
[optechanimation1.netlify.app/assets/fonts/fa-solid-900.svg]
[optechanimation1.netlify.app/assets/fonts/remixiconb704.svg]
[optechanimation1.netlify.app/assets/images/logo/logo-white.svg]
[optechanimation1.netlify.app/assets/images/hero/power.svg]
[optechanimation1.netlify.app/assets/images/v2/icon1.svg]
[optechanimation1.netlify.app/assets/images/v2/icon2.svg]
[optechanimation1.netlify.app/assets/images/v2/icon3.svg]
[optechanimation1.netlify.app/assets/images/v2/icon4.svg]
[optechanimation1.netlify.app/assets/images/iconbox/icon9.svg]
[optechanimation1.netlify.app/assets/images/v2/illustration1.svg]
[optechanimation1.netlify.app/assets/images/v2/illustration2.svg]
[optechanimation1.netlify.app/assets/images/v2/illustration3.svg]
[optechanimation1.netlify.app/assets/images/brand/brand1.svg]
[optechanimation1.netlify.app/assets/images/brand/brand2.svg]
[optechanimation1.netlify.app/assets/images/brand/brand3.svg]
[optechanimation1.netlify.app/assets/images/brand/brand4.svg]
[optechanimation1.netlify.app/assets/images/brand/brand5.svg]
[optechanimation1.netlify.app/assets/images/v3/icon1.svg]
[optechanimation1.netlify.app/assets/images/v3/icon2.svg]
[optechanimation1.netlify.app/assets/images/v3/icon3.svg]
[optechanimation1.netlify.app/assets/images/v3/icon4.svg]
[optechanimation1.netlify.app/assets/images/iconbox/icon10.svg]
[optechanimation1.netlify.app/assets/images/iconbox/icon11.svg]
[optechanimation1.netlify.app/assets/images/iconbox/icon12.svg]
[optechanimation1.netlify.app/assets/images/v5/icon1.svg]
[optechanimation1.netlify.app/assets/images/v5/icon2.svg]
[optechanimation1.netlify.app/assets/images/v5/icon3.svg]
[optechanimation1.netlify.app/assets/images/v5/icon4.svg]
[optechanimation1.netlify.app/assets/images/brand/brand01.svg]
[optechanimation1.netlify.app/assets/images/brand/brand02.svg]
[optechanimation1.netlify.app/assets/images/brand/brand03.svg]
[optechanimation1.netlify.app/assets/images/brand/brand04.svg]
[optechanimation1.netlify.app/assets/images/brand/brand05.svg]
[optechanimation1.netlify.app/assets/images/blog/quote.svg]
[optechanimation1.netlify.app/assets/images/service/icon.svg]
[optechanimation1.netlify.app/assets/images/breadcrumb/errors404.svg]
[optechanimation1.netlify.app/assets/images/shop/shop.svg]
[optechanimation1.netlify.app/assets/images/breadcrumb/mark!.svg]
